[-1, A, x]
[-1, A, y]
[-1, A, z]
[-1, B, x]
[-1, B, y]
[-1, B, z]
[-1, C, x]
[-1, C, y]
[-1, C, z]
[+1, A, x]
[+1, A, y]
[+1, A, z]
[+1, B, x]
[+1, B, y]
[+1, B, z]
[+1, C, x]
[+1, C, y]
[+1, C, z]